{
  "findings": [
    {
      "severity": "warning",
      "path": "colors.canvas",
      "message": "'canvas' is defined but never referenced by any component.",
      "rule": "orphaned-tokens"
    },
    {
      "severity": "warning",
      "path": "colors.text",
      "message": "'text' is defined but never referenced by any component.",
      "rule": "orphaned-tokens"
    },
    {
      "severity": "warning",
      "path": "colors.muted",
      "message": "'muted' is defined but never referenced by any component.",
      "rule": "orphaned-tokens"
    },
    {
      "severity": "warning",
      "path": "colors.mist",
      "message": "'mist' is defined but never referenced by any component.",
      "rule": "orphaned-tokens"
    },
    {
      "severity": "warning",
      "path": "colors.danger",
      "message": "'danger' is defined but never referenced by any component.",
      "rule": "orphaned-tokens"
    },
    {
      "severity": "warning",
      "path": "colors.success",
      "message": "'success' is defined but never referenced by any component.",
      "rule": "orphaned-tokens"
    },
    {
      "severity": "warning",
      "path": "colors.warning",
      "message": "'warning' is defined but never referenced by any component.",
      "rule": "orphaned-tokens"
    },
    {
      "severity": "warning",
      "path": "colors.border",
      "message": "'border' is defined but never referenced by any component.",
      "rule": "orphaned-tokens"
    },
    {
      "severity": "warning",
      "path": "colors.field-border",
      "message": "'field-border' is defined but never referenced by any component.",
      "rule": "orphaned-tokens"
    },
    {
      "severity": "warning",
      "path": "colors.focus",
      "message": "'focus' is defined but never referenced by any component.",
      "rule": "orphaned-tokens"
    },
    {
      "severity": "info",
      "message": "Design system defines 12 colors, 2 typography scales, 2 rounding levels, 2 spacing tokens, 6 components.",
      "rule": "token-summary"
    }
  ],
  "summary": {
    "errors": 0,
    "warnings": 10,
    "infos": 1
  }
}
